// Jest Snapshot v1, https://goo.gl/fbAQLP

exports[`App should match screenshot 1`] = `
<div
  className="App"
>
  <Header />
  <DisplayField />
  <PlayerCommands
    updateInputs={[Function]}
  />
  <Prompts
    playerInputs={
      Array [
        Object {
          "gridInputs": Array [],
        },
        Object {
          "flexInputs": Array [],
        },
      ]
    }
    updatePromptAns={[Function]}
  />
</div>
`;
